// Jest Snapshot v1, https://goo.gl/fbAQLP

exports[`renders correctly 1`] = `
<View
  style={
    [
      {
        "alignItems": "center",
        "backgroundColor": "white",
        "justifyContent": "center",
        "paddingHorizontal": undefined,
        "paddingVertical": undefined,
        "width": undefined,
      },
      undefined,
    ]
  }
>
  <Text
    ellipsizeMode="tail"
    numberOfLines={1}
    style={
      {
        "fontSize": undefined,
      }
    }
  >
    Action, Romance
  </Text>
</View>
`;
