// Jest Snapshot v1, https://goo.gl/fbAQLP

exports[`renders correctly 1`] = `
<View
  style={
    [
      {
        "borderRadius": 10,
        "height": undefined,
        "overflow": "hidden",
        "width": undefined,
      },
      undefined,
    ]
  }
>
  <View
    style={
      [
        {
          "overflow": "hidden",
        },
        {
          "flex": 1,
          "height": undefined,
          "width": undefined,
        },
      ]
    }
  >
    <FastImageView
      defaultSource={null}
      resizeMode="stretch"
      style={
        {
          "bottom": 0,
          "left": 0,
          "position": "absolute",
          "right": 0,
          "top": 0,
        }
      }
    />
  </View>
</View>
`;
